---
source: crates/ty_server/tests/e2e/semantic_tokens.rs
expression: tokens
---
{
  "data": [
    0,
    4,
    11,
    9,
    1,
    0,
    12,
    6,
    5,
    257,
    0,
    8,
    3,
    2,
    96,
    0,
    5,
    6,
    5,
    257,
    0,
    8,
    3,
    2,
    96,
    0,
    8,
    4,
    2,
    96
  ]
}
